// Vitest Snapshot v1, https://vitest.dev/guide/snapshot.html

exports[`Exports > UMD compatibility: should not have named exports in Swup.ts 1`] = `
{
  "default": [Function],
}
`;

exports[`Exports > UMD: should not have named exports in Swup.ts 1`] = `
{
  "default": [Function],
}
`;

exports[`Exports > should not have named exports in Swup.ts 1`] = `
{
  "default": [Function],
}
`;

exports[`Exports > should not have named exports in UMD build 1`] = `
{
  "default": [Function],
}
`;
